// Jest Snapshot v1, https://goo.gl/fbAQLP

exports[`Apple Component test should match snapshot 1`] = `
<body>
  <div>
    <div
      class="game-apple"
      data-testid="apple"
      style="top: 400px; left: 400px;"
    />
  </div>
</body>
`;
