// Jest Snapshot v1, https://goo.gl/fbAQLP

exports[`Score component tests should match snapshot 1`] = `
<div>
  <span
    class="game-score"
  >
    Score: undefined
  </span>
</div>
`;
